------------------------------------------------------------
TimeQuest Timing Analyzer Summary
------------------------------------------------------------

Type  : Slow 1100mV 85C Model Setup 'clock'
Slack : -0.299
TNS   : -1.185

Type  : Slow 1100mV 85C Model Hold 'clock'
Slack : 0.506
TNS   : 0.000

Type  : Slow 1100mV 85C Model Minimum Pulse Width 'clock'
Slack : -0.724
TNS   : -8.960

Type  : Slow 1100mV 0C Model Setup 'clock'
Slack : -0.233
TNS   : -0.920

Type  : Slow 1100mV 0C Model Hold 'clock'
Slack : 0.487
TNS   : 0.000

Type  : Slow 1100mV 0C Model Minimum Pulse Width 'clock'
Slack : -0.724
TNS   : -9.212

Type  : Fast 1100mV 85C Model Setup 'clock'
Slack : 0.358
TNS   : 0.000

Type  : Fast 1100mV 85C Model Hold 'clock'
Slack : 0.227
TNS   : 0.000

Type  : Fast 1100mV 85C Model Minimum Pulse Width 'clock'
Slack : -0.088
TNS   : -0.690

Type  : Fast 1100mV 0C Model Setup 'clock'
Slack : 0.396
TNS   : 0.000

Type  : Fast 1100mV 0C Model Hold 'clock'
Slack : 0.205
TNS   : 0.000

Type  : Fast 1100mV 0C Model Minimum Pulse Width 'clock'
Slack : -0.086
TNS   : -0.680

------------------------------------------------------------
