Flow report for sockit
Wed May 20 22:17:33 2015
Quartus II 64-Bit Version 14.1.0 Build 186 12/03/2014 SJ Web Edition


---------------------
; Table of Contents ;
---------------------
  1. Legal Notice
  2. Flow Summary
  3. Flow Settings
  4. Flow Non-Default Global Settings
  5. Flow Elapsed Time
  6. Flow OS Summary
  7. Flow Log
  8. Flow Messages
  9. Flow Suppressed Messages



----------------
; Legal Notice ;
----------------
Copyright (C) 1991-2014 Altera Corporation. All rights reserved.
Your use of Altera Corporation's design tools, logic functions 
and other software and tools, and its AMPP partner logic 
functions, and any output files from any of the foregoing 
(including device programming or simulation files), and any 
associated documentation or information are expressly subject 
to the terms and conditions of the Altera Program License 
Subscription Agreement, the Altera Quartus II License Agreement,
the Altera MegaCore Function License Agreement, or other 
applicable license agreement, including, without limitation, 
that your use is for the sole purpose of programming logic 
devices manufactured by Altera and sold by Altera or its 
authorized distributors.  Please refer to the applicable 
agreement for further details.



+------------------------------------------------------------------------------+
; Flow Summary                                                                 ;
+---------------------------------+--------------------------------------------+
; Flow Status                     ; Successful - Wed May 20 22:17:33 2015      ;
; Quartus II 64-Bit Version       ; 14.1.0 Build 186 12/03/2014 SJ Web Edition ;
; Revision Name                   ; sockit                                     ;
; Top-level Entity Name           ; sockit                                     ;
; Family                          ; Cyclone V                                  ;
; Device                          ; 5CSXFC6D6F31C8ES                           ;
; Timing Models                   ; Preliminary                                ;
; Logic utilization (in ALMs)     ; N/A                                        ;
; Total registers                 ; 362                                        ;
; Total pins                      ; 47                                         ;
; Total virtual pins              ; 0                                          ;
; Total block memory bits         ; 0                                          ;
; Total DSP Blocks                ; 0                                          ;
; Total HSSI RX PCSs              ; 0                                          ;
; Total HSSI PMA RX Deserializers ; 0                                          ;
; Total HSSI TX PCSs              ; 0                                          ;
; Total HSSI PMA TX Serializers   ; 0                                          ;
; Total PLLs                      ; 0                                          ;
; Total DLLs                      ; 1                                          ;
+---------------------------------+--------------------------------------------+


+-----------------------------------------+
; Flow Settings                           ;
+-------------------+---------------------+
; Option            ; Setting             ;
+-------------------+---------------------+
; Start date & time ; 05/20/2015 22:14:04 ;
; Main task         ; Compilation         ;
; Revision Name     ; sockit              ;
+-------------------+---------------------+


+----------------------------------------------------------------------------------------------------------------------------------------------------------------------------------+
; Flow Non-Default Global Settings                                                                                                                                                 ;
+---------------------------------------+-------------------------------------------------------------------------+---------------+-------------------------------+----------------+
; Assignment Name                       ; Value                                                                   ; Default Value ; Entity Name                   ; Section Id     ;
+---------------------------------------+-------------------------------------------------------------------------+---------------+-------------------------------+----------------+
; COMPILER_SIGNATURE_ID                 ; 31264765547885.143215284402220                                          ; --            ; --                            ; --             ;
; ECO_REGENERATE_REPORT                 ; On                                                                      ; Off           ; --                            ; --             ;
; EDA_OUTPUT_DATA_FORMAT                ; Vhdl                                                                    ; --            ; --                            ; eda_simulation ;
; EDA_SIMULATION_TOOL                   ; ModelSim-Altera (VHDL)                                                  ; <None>        ; --                            ; --             ;
; HPS_ISW_FILE                          ; memory_io/synthesis/submodules/sequencer/alt_types.pre.h                ; --            ; memory_io_hps_0_hps_io_border ; --             ;
; HPS_ISW_FILE                          ; memory_io/synthesis/submodules/sequencer/emif.pre.xml                   ; --            ; memory_io_hps_0_hps_io_border ; --             ;
; HPS_ISW_FILE                          ; memory_io/synthesis/submodules/sequencer/sdram_io.pre.h                 ; --            ; memory_io_hps_0_hps_io_border ; --             ;
; HPS_ISW_FILE                          ; memory_io/synthesis/submodules/sequencer/sequencer.pre.c                ; --            ; memory_io_hps_0_hps_io_border ; --             ;
; HPS_ISW_FILE                          ; memory_io/synthesis/submodules/sequencer/sequencer.pre.h                ; --            ; memory_io_hps_0_hps_io_border ; --             ;
; HPS_ISW_FILE                          ; memory_io/synthesis/submodules/sequencer/sequencer_auto.pre.h           ; --            ; memory_io_hps_0_hps_io_border ; --             ;
; HPS_ISW_FILE                          ; memory_io/synthesis/submodules/sequencer/sequencer_auto_ac_init.pre.c   ; --            ; memory_io_hps_0_hps_io_border ; --             ;
; HPS_ISW_FILE                          ; memory_io/synthesis/submodules/sequencer/sequencer_auto_inst_init.pre.c ; --            ; memory_io_hps_0_hps_io_border ; --             ;
; HPS_ISW_FILE                          ; memory_io/synthesis/submodules/sequencer/sequencer_defines.pre.h        ; --            ; memory_io_hps_0_hps_io_border ; --             ;
; HPS_ISW_FILE                          ; memory_io/synthesis/submodules/sequencer/system.pre.h                   ; --            ; memory_io_hps_0_hps_io_border ; --             ;
; HPS_ISW_FILE                          ; memory_io/synthesis/submodules/sequencer/tclrpt.pre.c                   ; --            ; memory_io_hps_0_hps_io_border ; --             ;
; HPS_ISW_FILE                          ; memory_io/synthesis/submodules/sequencer/tclrpt.pre.h                   ; --            ; memory_io_hps_0_hps_io_border ; --             ;
; HPS_ISW_FILE                          ; memory_io/synthesis/submodules/hps.pre.xml                              ; --            ; memory_io_hps_0_hps_io_border ; --             ;
; HPS_PARTITION                         ; On                                                                      ; --            ; memory_io_hps_0_hps_io_border ; --             ;
; MAX_CORE_JUNCTION_TEMP                ; 85                                                                      ; --            ; --                            ; --             ;
; MIN_CORE_JUNCTION_TEMP                ; 0                                                                       ; --            ; --                            ; --             ;
; MISC_FILE                             ; memory_io/synthesis/../memory_io.cmp                                    ; --            ; --                            ; --             ;
; MISC_FILE                             ; memory_io/synthesis/E                                                   ; --            ; --                            ; --             ;
; MISC_FILE                             ; memory_io/synthesis/memory_io_hps_0_hps.svd                             ; --            ; --                            ; --             ;
; MISC_FILE                             ; memory_io/synthesis/../../memory_io.qsys                                ; --            ; --                            ; --             ;
; MISC_FILE                             ; memory_io/synthesis/submodules/sequencer/alt_types.pre.h                ; --            ; --                            ; --             ;
; MISC_FILE                             ; memory_io/synthesis/submodules/sequencer/emif.pre.xml                   ; --            ; --                            ; --             ;
; MISC_FILE                             ; memory_io/synthesis/submodules/sequencer/sdram_io.pre.h                 ; --            ; --                            ; --             ;
; MISC_FILE                             ; memory_io/synthesis/submodules/sequencer/sequencer.pre.c                ; --            ; --                            ; --             ;
; MISC_FILE                             ; memory_io/synthesis/submodules/sequencer/sequencer.pre.h                ; --            ; --                            ; --             ;
; MISC_FILE                             ; memory_io/synthesis/submodules/sequencer/sequencer_auto.pre.h           ; --            ; --                            ; --             ;
; MISC_FILE                             ; memory_io/synthesis/submodules/sequencer/sequencer_auto_ac_init.pre.c   ; --            ; --                            ; --             ;
; MISC_FILE                             ; memory_io/synthesis/submodules/sequencer/sequencer_auto_inst_init.pre.c ; --            ; --                            ; --             ;
; MISC_FILE                             ; memory_io/synthesis/submodules/sequencer/sequencer_defines.pre.h        ; --            ; --                            ; --             ;
; MISC_FILE                             ; memory_io/synthesis/submodules/sequencer/system.pre.h                   ; --            ; --                            ; --             ;
; MISC_FILE                             ; memory_io/synthesis/submodules/sequencer/tclrpt.pre.c                   ; --            ; --                            ; --             ;
; MISC_FILE                             ; memory_io/synthesis/submodules/sequencer/tclrpt.pre.h                   ; --            ; --                            ; --             ;
; MISC_FILE                             ; memory_io/synthesis/submodules/hps.pre.xml                              ; --            ; --                            ; --             ;
; PARTITION_COLOR                       ; 16764057                                                                ; --            ; --                            ; Top            ;
; PARTITION_FITTER_PRESERVATION_LEVEL   ; PLACEMENT_AND_ROUTING                                                   ; --            ; --                            ; Top            ;
; PARTITION_NETLIST_TYPE                ; SOURCE                                                                  ; --            ; --                            ; Top            ;
; POWER_BOARD_THERMAL_MODEL             ; None (CONSERVATIVE)                                                     ; --            ; --                            ; --             ;
; POWER_PRESET_COOLING_SOLUTION         ; 23 MM HEAT SINK WITH 200 LFPM AIRFLOW                                   ; --            ; --                            ; --             ;
; PROJECT_OUTPUT_DIRECTORY              ; output_files                                                            ; --            ; --                            ; --             ;
; SLD_FILE                              ; memory_io/synthesis/memory_io.regmap                                    ; --            ; --                            ; --             ;
; SLD_FILE                              ; memory_io/synthesis/memory_io.debuginfo                                 ; --            ; --                            ; --             ;
; SLD_INFO                              ; QSYS_NAME memory_io HAS_SOPCINFO 1 GENERATION_ID 1432151803             ; --            ; memory_io                     ; --             ;
; SOPCINFO_FILE                         ; memory_io/synthesis/../../memory_io.sopcinfo                            ; --            ; --                            ; --             ;
; SYNTHESIS_ONLY_QIP                    ; On                                                                      ; --            ; --                            ; --             ;
; USE_DLL_FREQUENCY_FOR_DQS_DELAY_CHAIN ; On                                                                      ; Off           ; --                            ; --             ;
; VHDL_INPUT_VERSION                    ; VHDL_2008                                                               ; VHDL_1993     ; --                            ; --             ;
; VHDL_SHOW_LMF_MAPPING_MESSAGES        ; Off                                                                     ; --            ; --                            ; --             ;
+---------------------------------------+-------------------------------------------------------------------------+---------------+-------------------------------+----------------+


+--------------------------------------------------------------------------------------------------------------------------+
; Flow Elapsed Time                                                                                                        ;
+----------------------+--------------+-------------------------+---------------------+------------------------------------+
; Module Name          ; Elapsed Time ; Average Processors Used ; Peak Virtual Memory ; Total CPU Time (on all processors) ;
+----------------------+--------------+-------------------------+---------------------+------------------------------------+
; Analysis & Synthesis ; 00:00:29     ; 1.0                     ; 885 MB              ; 00:00:43                           ;
; Total                ; 00:00:29     ; --                      ; --                  ; 00:00:43                           ;
+----------------------+--------------+-------------------------+---------------------+------------------------------------+


+-----------------------------------------------------------------------------------+
; Flow OS Summary                                                                   ;
+----------------------+------------------+-----------+------------+----------------+
; Module Name          ; Machine Hostname ; OS Name   ; OS Version ; Processor type ;
+----------------------+------------------+-----------+------------+----------------+
; Analysis & Synthesis ; Martijn-PC       ; Windows 7 ; 6.2        ; x86_64         ;
+----------------------+------------------+-----------+------------+----------------+


------------
; Flow Log ;
------------
quartus_map --read_settings_files=on --write_settings_files=off sockit -c sockit



